MSBuild version 17.8.32+74df0b3f5 for .NET
Build started 09/06/2025 12:47:56.
     1>Project "/home/runner/work/NdcApp/NdcApp/NdcApp.sln" on node 1 (Restore target(s)).
     1>ValidateSolutionConfiguration:
         Building solution configuration "Debug|Any CPU".
       _GetAllRestoreProjectPathItems:
         Determining projects to restore...
       Restore:
         X.509 certificate chain validation will use the fallback certificate bundle at '/usr/lib/dotnet/sdk/8.0.119/trustedroots/codesignctl.pem'.
         X.509 certificate chain validation will use the fallback certificate bundle at '/usr/lib/dotnet/sdk/8.0.119/trustedroots/timestampctl.pem'.
         Assets file has not changed. Skipping assets file writing. Path: /home/runner/work/NdcApp/NdcApp/NdcApp.Tests/obj/project.assets.json
         Assets file has not changed. Skipping assets file writing. Path: /home/runner/work/NdcApp/NdcApp/NdcApp/obj/project.assets.json
         Assets file has not changed. Skipping assets file writing. Path: /home/runner/work/NdcApp/NdcApp/NdcApp.Preview/obj/project.assets.json
         Assets file has not changed. Skipping assets file writing. Path: /home/runner/work/NdcApp/NdcApp/NdcApp.Core/obj/project.assets.json
         Restored /home/runner/work/NdcApp/NdcApp/NdcApp/NdcApp.csproj (in 44 ms).
         Restored /home/runner/work/NdcApp/NdcApp/NdcApp.Tests/NdcApp.Tests.csproj (in 44 ms).
         Restored /home/runner/work/NdcApp/NdcApp/NdcApp.Preview/NdcApp.Preview.csproj (in 44 ms).
         Restored /home/runner/work/NdcApp/NdcApp/NdcApp.Core/NdcApp.Core.csproj (in 44 ms).
         
         NuGet Config files used:
             /home/runner/.nuget/NuGet/NuGet.Config
         
         Feeds used:
             https://api.nuget.org/v3/index.json
         All projects are up-to-date for restore.
     1>Done Building Project "/home/runner/work/NdcApp/NdcApp/NdcApp.sln" (Restore target(s)).
   1:2>Project "/home/runner/work/NdcApp/NdcApp/NdcApp.sln" on node 1 (default targets).
     1>ValidateSolutionConfiguration:
         Building solution configuration "Debug|Any CPU".
   1:2>Project "/home/runner/work/NdcApp/NdcApp/NdcApp.sln" (1:2) is building "/home/runner/work/NdcApp/NdcApp/NdcApp.Core/NdcApp.Core.csproj" (5:9) on node 3 (default targets).
     5>GenerateTargetFrameworkMonikerAttribute:
       Skipping target "GenerateTargetFrameworkMonikerAttribute" because all output files are up-to-date with respect to the input files.
       CoreGenerateAssemblyInfo:
       Skipping target "CoreGenerateAssemblyInfo" because all output files are up-to-date with respect to the input files.
       _GenerateSourceLinkFile:
         Source Link file 'obj/Debug/net8.0/NdcApp.Core.sourcelink.json' is up-to-date.
       CoreCompile:
       Skipping target "CoreCompile" because all output files are up-to-date with respect to the input files.
       GenerateBuildDependencyFile:
       Skipping target "GenerateBuildDependencyFile" because all output files are up-to-date with respect to the input files.
       CopyFilesToOutputDirectory:
         NdcApp.Core -> /home/runner/work/NdcApp/NdcApp/NdcApp.Core/bin/Debug/net8.0/NdcApp.Core.dll
     5>Done Building Project "/home/runner/work/NdcApp/NdcApp/NdcApp.Core/NdcApp.Core.csproj" (default targets).
   1:2>Project "/home/runner/work/NdcApp/NdcApp/NdcApp.sln" (1:2) is building "/home/runner/work/NdcApp/NdcApp/NdcApp/NdcApp.csproj" (2:6) on node 1 (default targets).
     2>GenerateTargetFrameworkMonikerAttribute:
       Skipping target "GenerateTargetFrameworkMonikerAttribute" because all output files are up-to-date with respect to the input files.
       CoreGenerateAssemblyInfo:
       Skipping target "CoreGenerateAssemblyInfo" because all output files are up-to-date with respect to the input files.
       _GenerateSourceLinkFile:
         Source Link file 'obj/Debug/net8.0/NdcApp.sourcelink.json' is up-to-date.
       CoreCompile:
       Skipping target "CoreCompile" because all output files are up-to-date with respect to the input files.
       XamlC:
       Skipping target "XamlC" because all output files are up-to-date with respect to the input files.
       _CopyOutOfDateSourceItemsToOutputDirectory:
       Skipping target "_CopyOutOfDateSourceItemsToOutputDirectory" because all output files are up-to-date with respect to the input files.
       GenerateBuildDependencyFile:
       Skipping target "GenerateBuildDependencyFile" because all output files are up-to-date with respect to the input files.
       CopyFilesToOutputDirectory:
         NdcApp -> /home/runner/work/NdcApp/NdcApp/NdcApp/bin/Debug/net8.0/NdcApp.dll
     2>Done Building Project "/home/runner/work/NdcApp/NdcApp/NdcApp/NdcApp.csproj" (default targets).
   1:2>Project "/home/runner/work/NdcApp/NdcApp/NdcApp.sln" (1:2) is building "/home/runner/work/NdcApp/NdcApp/NdcApp.Tests/NdcApp.Tests.csproj" (3:6) on node 4 (default targets).
     3>GenerateTargetFrameworkMonikerAttribute:
       Skipping target "GenerateTargetFrameworkMonikerAttribute" because all output files are up-to-date with respect to the input files.
   1:2>Project "/home/runner/work/NdcApp/NdcApp/NdcApp.sln" (1:2) is building "/home/runner/work/NdcApp/NdcApp/NdcApp.Preview/NdcApp.Preview.csproj" (4:6) on node 2 (default targets).
     4>GenerateTargetFrameworkMonikerAttribute:
       Skipping target "GenerateTargetFrameworkMonikerAttribute" because all output files are up-to-date with respect to the input files.
     3>CoreGenerateAssemblyInfo:
       Skipping target "CoreGenerateAssemblyInfo" because all output files are up-to-date with respect to the input files.
     4>CoreGenerateAssemblyInfo:
       Skipping target "CoreGenerateAssemblyInfo" because all output files are up-to-date with respect to the input files.
     3>_GenerateSourceLinkFile:
         Source Link file 'obj/Debug/net8.0/NdcApp.Tests.sourcelink.json' is up-to-date.
       CoreCompile:
         /usr/lib/dotnet/dotnet exec "/usr/lib/dotnet/sdk/8.0.119/Roslyn/bincore/csc.dll" /noconfig /unsafe- /checked- /nowarn:1701,1702,1701,1702 /fullpaths /nostdlib+ /errorreport:prompt /warn:8 /define:TRACE;DEBUG;NET;NET8_0;NETCOREAPP;NET5_0_OR_GREATER;NET6_0_OR_GREATER;NET7_0_OR_GREATER;NET8_0_OR_GREATER;NETCOREAPP1_0_OR_GREATER;NETCOREAPP1_1_OR_GREATER;NETCOREAPP2_0_OR_GREATER;NETCOREAPP2_1_OR_GREATER;NETCOREAPP2_2_OR_GREATER;NETCOREAPP3_0_OR_GREATER;NETCOREAPP3_1_OR_GREATER /highentropyva+ /nullable:enable /reference:/usr/lib/dotnet/packs/Microsoft.NETCore.App.Ref/8.0.19/ref/net8.0/Microsoft.CSharp.dll /reference:/home/runner/.nuget/packages/microsoft.extensions.dependencyinjection.abstractions/8.0.0/lib/net8.0/Microsoft.Extensions.DependencyInjection.Abstractions.dll /reference:/home/runner/.nuget/packages/microsoft.extensions.dependencyinjection/8.0.0/lib/net8.0/Microsoft.Extensions.DependencyInjection.dll /reference:/home/runner/.nuget/packages/microsoft.extensions.logging.abstractions/8.0.0/lib/net8.0/Microsoft.Extensions.Logging.Abstractions.dll /reference:/home/runner/.nuget/packages/microsoft.extensions.logging/8.0.0/lib/net8.0/Microsoft.Extensions.Logging.dll /reference:/home/runner/.nuget/packages/microsoft.extensions.options/8.0.0/lib/net8.0/Microsoft.Extensions.Options.dll /reference:/home/runner/.nuget/packages/microsoft.extensions.primitives/8.0.0/lib/net8.0/Microsoft.Extensions.Primitives.dll /reference:/home/runner/.nuget/packages/microsoft.testplatform.testhost/17.6.0/lib/netcoreapp3.1/Microsoft.TestPlatform.CommunicationUtilities.dll /reference:/home/runner/.nuget/packages/microsoft.testplatform.testhost/17.6.0/lib/netcoreapp3.1/Microsoft.TestPlatform.CoreUtilities.dll /reference:/home/runner/.nuget/packages/microsoft.testplatform.testhost/17.6.0/lib/netcoreapp3.1/Microsoft.TestPlatform.CrossPlatEngine.dll /reference:/home/runner/.nuget/packages/microsoft.testplatform.testhost/17.6.0/lib/netcoreapp3.1/Microsoft.TestPlatform.PlatformAbstractions.dll /reference:/home/runner/.nuget/packages/microsoft.testplatform.testhost/17.6.0/lib/netcoreapp3.1/Microsoft.TestPlatform.Utilities.dll /reference:/usr/lib/dotnet/packs/Microsoft.NETCore.App.Ref/8.0.19/ref/net8.0/Microsoft.VisualBasic.Core.dll /reference:/usr/lib/dotnet/packs/Microsoft.NETCore.App.Ref/8.0.19/ref/net8.0/Microsoft.VisualBasic.dll /reference:/home/runner/.nuget/packages/microsoft.codecoverage/17.6.0/lib/netcoreapp3.1/Microsoft.VisualStudio.CodeCoverage.Shim.dll /reference:/home/runner/.nuget/packages/microsoft.testplatform.testhost/17.6.0/lib/netcoreapp3.1/Microsoft.VisualStudio.TestPlatform.Common.dll /reference:/home/runner/.nuget/packages/microsoft.testplatform.testhost/17.6.0/lib/netcoreapp3.1/Microsoft.VisualStudio.TestPlatform.ObjectModel.dll /reference:/usr/lib/dotnet/packs/Microsoft.NETCore.App.Ref/8.0.19/ref/net8.0/Microsoft.Win32.Primitives.dll /reference:/usr/lib/dotnet/packs/Microsoft.NETCore.App.Ref/8.0.19/ref/net8.0/Microsoft.Win32.Registry.dll /reference:/usr/lib/dotnet/packs/Microsoft.NETCore.App.Ref/8.0.19/ref/net8.0/mscorlib.dll /reference:/home/runner/work/NdcApp/NdcApp/NdcApp.Core/obj/Debug/net8.0/ref/NdcApp.Core.dll /reference:/usr/lib/dotnet/packs/Microsoft.NETCore.App.Ref/8.0.19/ref/net8.0/netstandard.dll /reference:/home/runner/.nuget/packages/newtonsoft.json/13.0.1/lib/netstandard2.0/Newtonsoft.Json.dll /reference:/home/runner/.nuget/packages/nuget.frameworks/5.11.0/lib/netstandard2.0/NuGet.Frameworks.dll /reference:/usr/lib/dotnet/packs/Microsoft.NETCore.App.Ref/8.0.19/ref/net8.0/System.AppContext.dll /reference:/usr/lib/dotnet/packs/Microsoft.NETCore.App.Ref/8.0.19/ref/net8.0/System.Buffers.dll /reference:/usr/lib/dotnet/packs/Microsoft.NETCore.App.Ref/8.0.19/ref/net8.0/System.Collections.Concurrent.dll /reference:/usr/lib/dotnet/packs/Microsoft.NETCore.App.Ref/8.0.19/ref/net8.0/System.Collections.dll /reference:/usr/lib/dotnet/packs/Microsoft.NETCore.App.Ref/8.0.19/ref/net8.0/System.Collections.Immutable.dll /reference:/usr/lib/dotnet/packs/Microsoft.NETCore.App.Ref/8.0.19/ref/net8.0/System.Collections.NonGeneric.dll /reference:/usr/lib/dotnet/packs/Microsoft.NETCore.App.Ref/8.0.19/ref/net8.0/System.Collections.Specialized.dll /reference:/usr/lib/dotnet/packs/Microsoft.NETCore.App.Ref/8.0.19/ref/net8.0/System.ComponentModel.Annotations.dll /reference:/usr/lib/dotnet/packs/Microsoft.NETCore.App.Ref/8.0.19/ref/net8.0/System.ComponentModel.DataAnnotations.dll /reference:/usr/lib/dotnet/packs/Microsoft.NETCore.App.Ref/8.0.19/ref/net8.0/System.ComponentModel.dll /reference:/usr/lib/dotnet/packs/Microsoft.NETCore.App.Ref/8.0.19/ref/net8.0/System.ComponentModel.EventBasedAsync.dll /reference:/usr/lib/dotnet/packs/Microsoft.NETCore.App.Ref/8.0.19/ref/net8.0/System.ComponentModel.Primitives.dll /reference:/usr/lib/dotnet/packs/Microsoft.NETCore.App.Ref/8.0.19/ref/net8.0/System.ComponentModel.TypeConverter.dll /reference:/usr/lib/dotnet/packs/Microsoft.NETCore.App.Ref/8.0.19/ref/net8.0/System.Configuration.dll /reference:/usr/lib/dotnet/packs/Microsoft.NETCore.App.Ref/8.0.19/ref/net8.0/System.Console.dll /reference:/usr/lib/dotnet/packs/Microsoft.NETCore.App.Ref/8.0.19/ref/net8.0/System.Core.dll /reference:/usr/lib/dotnet/packs/Microsoft.NETCore.App.Ref/8.0.19/ref/net8.0/System.Data.Common.dll /reference:/usr/lib/dotnet/packs/Microsoft.NETCore.App.Ref/8.0.19/ref/net8.0/System.Data.DataSetExtensions.dll /reference:/usr/lib/dotnet/packs/Microsoft.NETCore.App.Ref/8.0.19/ref/net8.0/System.Data.dll /reference:/usr/lib/dotnet/packs/Microsoft.NETCore.App.Ref/8.0.19/ref/net8.0/System.Diagnostics.Contracts.dll /reference:/usr/lib/dotnet/packs/Microsoft.NETCore.App.Ref/8.0.19/ref/net8.0/System.Diagnostics.Debug.dll /reference:/usr/lib/dotnet/packs/Microsoft.NETCore.App.Ref/8.0.19/ref/net8.0/System.Diagnostics.DiagnosticSource.dll /reference:/usr/lib/dotnet/packs/Microsoft.NETCore.App.Ref/8.0.19/ref/net8.0/System.Diagnostics.FileVersionInfo.dll /reference:/usr/lib/dotnet/packs/Microsoft.NETCore.App.Ref/8.0.19/ref/net8.0/System.Diagnostics.Process.dll /reference:/usr/lib/dotnet/packs/Microsoft.NETCore.App.Ref/8.0.19/ref/net8.0/System.Diagnostics.StackTrace.dll /reference:/usr/lib/dotnet/packs/Microsoft.NETCore.App.Ref/8.0.19/ref/net8.0/System.Diagnostics.TextWriterTraceListener.dll /reference:/usr/lib/dotnet/packs/Microsoft.NETCore.App.Ref/8.0.19/ref/net8.0/System.Diagnostics.Tools.dll /reference:/usr/lib/dotnet/packs/Microsoft.NETCore.App.Ref/8.0.19/ref/net8.0/System.Diagnostics.TraceSource.dll /reference:/usr/lib/dotnet/packs/Microsoft.NETCore.App.Ref/8.0.19/ref/net8.0/System.Diagnostics.Tracing.dll /reference:/usr/lib/dotnet/packs/Microsoft.NETCore.App.Ref/8.0.19/ref/net8.0/System.dll /reference:/usr/lib/dotnet/packs/Microsoft.NETCore.App.Ref/8.0.19/ref/net8.0/System.Drawing.dll /reference:/usr/lib/dotnet/packs/Microsoft.NETCore.App.Ref/8.0.19/ref/net8.0/System.Drawing.Primitives.dll /reference:/usr/lib/dotnet/packs/Microsoft.NETCore.App.Ref/8.0.19/ref/net8.0/System.Dynamic.Runtime.dll /reference:/usr/lib/dotnet/packs/Microsoft.NETCore.App.Ref/8.0.19/ref/net8.0/System.Formats.Asn1.dll /reference:/usr/lib/dotnet/packs/Microsoft.NETCore.App.Ref/8.0.19/ref/net8.0/System.Formats.Tar.dll /reference:/usr/lib/dotnet/packs/Microsoft.NETCore.App.Ref/8.0.19/ref/net8.0/System.Globalization.Calendars.dll /reference:/usr/lib/dotnet/packs/Microsoft.NETCore.App.Ref/8.0.19/ref/net8.0/System.Globalization.dll /reference:/usr/lib/dotnet/packs/Microsoft.NETCore.App.Ref/8.0.19/ref/net8.0/System.Globalization.Extensions.dll /reference:/usr/lib/dotnet/packs/Microsoft.NETCore.App.Ref/8.0.19/ref/net8.0/System.IO.Compression.Brotli.dll /reference:/usr/lib/dotnet/packs/Microsoft.NETCore.App.Ref/8.0.19/ref/net8.0/System.IO.Compression.dll /reference:/usr/lib/dotnet/packs/Microsoft.NETCore.App.Ref/8.0.19/ref/net8.0/System.IO.Compression.FileSystem.dll /reference:/usr/lib/dotnet/packs/Microsoft.NETCore.App.Ref/8.0.19/ref/net8.0/System.IO.Compression.ZipFile.dll /reference:/usr/lib/dotnet/packs/Microsoft.NETCore.App.Ref/8.0.19/ref/net8.0/System.IO.dll /reference:/usr/lib/dotnet/packs/Microsoft.NETCore.App.Ref/8.0.19/ref/net8.0/System.IO.FileSystem.AccessControl.dll /reference:/usr/lib/dotnet/packs/Microsoft.NETCore.App.Ref/8.0.19/ref/net8.0/System.IO.FileSystem.dll /reference:/usr/lib/dotnet/packs/Microsoft.NETCore.App.Ref/8.0.19/ref/net8.0/System.IO.FileSystem.DriveInfo.dll /reference:/usr/lib/dotnet/packs/Microsoft.NETCore.App.Ref/8.0.19/ref/net8.0/System.IO.FileSystem.Primitives.dll /reference:/usr/lib/dotnet/packs/Microsoft.NETCore.App.Ref/8.0.19/ref/net8.0/System.IO.FileSystem.Watcher.dll /reference:/usr/lib/dotnet/packs/Microsoft.NETCore.App.Ref/8.0.19/ref/net8.0/System.IO.IsolatedStorage.dll /reference:/usr/lib/dotnet/packs/Microsoft.NETCore.App.Ref/8.0.19/ref/net8.0/System.IO.MemoryMappedFiles.dll /reference:/usr/lib/dotnet/packs/Microsoft.NETCore.App.Ref/8.0.19/ref/net8.0/System.IO.Pipes.AccessControl.dll /reference:/usr/lib/dotnet/packs/Microsoft.NETCore.App.Ref/8.0.19/ref/net8.0/System.IO.Pipes.dll /reference:/usr/lib/dotnet/packs/Microsoft.NETCore.App.Ref/8.0.19/ref/net8.0/System.IO.UnmanagedMemoryStream.dll /reference:/usr/lib/dotnet/packs/Microsoft.NETCore.App.Ref/8.0.19/ref/net8.0/System.Linq.dll /reference:/usr/lib/dotnet/packs/Microsoft.NETCore.App.Ref/8.0.19/ref/net8.0/System.Linq.Expressions.dll /reference:/usr/lib/dotnet/packs/Microsoft.NETCore.App.Ref/8.0.19/ref/net8.0/System.Linq.Parallel.dll /reference:/usr/lib/dotnet/packs/Microsoft.NETCore.App.Ref/8.0.19/ref/net8.0/System.Linq.Queryable.dll /reference:/usr/lib/dotnet/packs/Microsoft.NETCore.App.Ref/8.0.19/ref/net8.0/System.Memory.dll /reference:/usr/lib/dotnet/packs/Microsoft.NETCore.App.Ref/8.0.19/ref/net8.0/System.Net.dll /reference:/usr/lib/dotnet/packs/Microsoft.NETCore.App.Ref/8.0.19/ref/net8.0/System.Net.Http.dll /reference:/usr/lib/dotnet/packs/Microsoft.NETCore.App.Ref/8.0.19/ref/net8.0/System.Net.Http.Json.dll /reference:/usr/lib/dotnet/packs/Microsoft.NETCore.App.Ref/8.0.19/ref/net8.0/System.Net.HttpListener.dll /reference:/usr/lib/dotnet/packs/Microsoft.NETCore.App.Ref/8.0.19/ref/net8.0/System.Net.Mail.dll /reference:/usr/lib/dotnet/packs/Microsoft.NETCore.App.Ref/8.0.19/ref/net8.0/System.Net.NameResolution.dll /reference:/usr/lib/dotnet/packs/Microsoft.NETCore.App.Ref/8.0.19/ref/net8.0/System.Net.NetworkInformation.dll /reference:/usr/lib/dotnet/packs/Microsoft.NETCore.App.Ref/8.0.19/ref/net8.0/System.Net.Ping.dll /reference:/usr/lib/dotnet/packs/Microsoft.NETCore.App.Ref/8.0.19/ref/net8.0/System.Net.Primitives.dll /reference:/usr/lib/dotnet/packs/Microsoft.NETCore.App.Ref/8.0.19/ref/net8.0/System.Net.Quic.dll /reference:/usr/lib/dotnet/packs/Microsoft.NETCore.App.Ref/8.0.19/ref/net8.0/System.Net.Requests.dll /reference:/usr/lib/dotnet/packs/Microsoft.NETCore.App.Ref/8.0.19/ref/net8.0/System.Net.Security.dll /reference:/usr/lib/dotnet/packs/Microsoft.NETCore.App.Ref/8.0.19/ref/net8.0/System.Net.ServicePoint.dll /reference:/usr/lib/dotnet/packs/Microsoft.NETCore.App.Ref/8.0.19/ref/net8.0/System.Net.Sockets.dll /reference:/usr/lib/dotnet/packs/Microsoft.NETCore.App.Ref/8.0.19/ref/net8.0/System.Net.WebClient.dll /reference:/usr/lib/dotnet/packs/Microsoft.NETCore.App.Ref/8.0.19/ref/net8.0/System.Net.WebHeaderCollection.dll /reference:/usr/lib/dotnet/packs/Microsoft.NETCore.App.Ref/8.0.19/ref/net8.0/System.Net.WebProxy.dll /reference:/usr/lib/dotnet/packs/Microsoft.NETCore.App.Ref/8.0.19/ref/net8.0/System.Net.WebSockets.Client.dll /reference:/usr/lib/dotnet/packs/Microsoft.NETCore.App.Ref/8.0.19/ref/net8.0/System.Net.WebSockets.dll /reference:/usr/lib/dotnet/packs/Microsoft.NETCore.App.Ref/8.0.19/ref/net8.0/System.Numerics.dll /reference:/usr/lib/dotnet/packs/Microsoft.NETCore.App.Ref/8.0.19/ref/net8.0/System.Numerics.Vectors.dll /reference:/usr/lib/dotnet/packs/Microsoft.NETCore.App.Ref/8.0.19/ref/net8.0/System.ObjectModel.dll /reference:/usr/lib/dotnet/packs/Microsoft.NETCore.App.Ref/8.0.19/ref/net8.0/System.Reflection.DispatchProxy.dll /reference:/usr/lib/dotnet/packs/Microsoft.NETCore.App.Ref/8.0.19/ref/net8.0/System.Reflection.dll /reference:/usr/lib/dotnet/packs/Microsoft.NETCore.App.Ref/8.0.19/ref/net8.0/System.Reflection.Emit.dll /reference:/usr/lib/dotnet/packs/Microsoft.NETCore.App.Ref/8.0.19/ref/net8.0/System.Reflection.Emit.ILGeneration.dll /reference:/usr/lib/dotnet/packs/Microsoft.NETCore.App.Ref/8.0.19/ref/net8.0/System.Reflection.Emit.Lightweight.dll /reference:/usr/lib/dotnet/packs/Microsoft.NETCore.App.Ref/8.0.19/ref/net8.0/System.Reflection.Extensions.dll /reference:/usr/lib/dotnet/packs/Microsoft.NETCore.App.Ref/8.0.19/ref/net8.0/System.Reflection.Metadata.dll /reference:/usr/lib/dotnet/packs/Microsoft.NETCore.App.Ref/8.0.19/ref/net8.0/System.Reflection.Primitives.dll /reference:/usr/lib/dotnet/packs/Microsoft.NETCore.App.Ref/8.0.19/ref/net8.0/System.Reflection.TypeExtensions.dll /reference:/usr/lib/dotnet/packs/Microsoft.NETCore.App.Ref/8.0.19/ref/net8.0/System.Resources.Reader.dll /reference:/usr/lib/dotnet/packs/Microsoft.NETCore.App.Ref/8.0.19/ref/net8.0/System.Resources.ResourceManager.dll /reference:/usr/lib/dotnet/packs/Microsoft.NETCore.App.Ref/8.0.19/ref/net8.0/System.Resources.Writer.dll /reference:/usr/lib/dotnet/packs/Microsoft.NETCore.App.Ref/8.0.19/ref/net8.0/System.Runtime.CompilerServices.Unsafe.dll /reference:/usr/lib/dotnet/packs/Microsoft.NETCore.App.Ref/8.0.19/ref/net8.0/System.Runtime.CompilerServices.VisualC.dll /reference:/usr/lib/dotnet/packs/Microsoft.NETCore.App.Ref/8.0.19/ref/net8.0/System.Runtime.dll /reference:/usr/lib/dotnet/packs/Microsoft.NETCore.App.Ref/8.0.19/ref/net8.0/System.Runtime.Extensions.dll /reference:/usr/lib/dotnet/packs/Microsoft.NETCore.App.Ref/8.0.19/ref/net8.0/System.Runtime.Handles.dll /reference:/usr/lib/dotnet/packs/Microsoft.NETCore.App.Ref/8.0.19/ref/net8.0/System.Runtime.InteropServices.dll /reference:/usr/lib/dotnet/packs/Microsoft.NETCore.App.Ref/8.0.19/ref/net8.0/System.Runtime.InteropServices.JavaScript.dll /reference:/usr/lib/dotnet/packs/Microsoft.NETCore.App.Ref/8.0.19/ref/net8.0/System.Runtime.InteropServices.RuntimeInformation.dll /reference:/usr/lib/dotnet/packs/Microsoft.NETCore.App.Ref/8.0.19/ref/net8.0/System.Runtime.Intrinsics.dll /reference:/usr/lib/dotnet/packs/Microsoft.NETCore.App.Ref/8.0.19/ref/net8.0/System.Runtime.Loader.dll /reference:/usr/lib/dotnet/packs/Microsoft.NETCore.App.Ref/8.0.19/ref/net8.0/System.Runtime.Numerics.dll /reference:/usr/lib/dotnet/packs/Microsoft.NETCore.App.Ref/8.0.19/ref/net8.0/System.Runtime.Serialization.dll /reference:/usr/lib/dotnet/packs/Microsoft.NETCore.App.Ref/8.0.19/ref/net8.0/System.Runtime.Serialization.Formatters.dll /reference:/usr/lib/dotnet/packs/Microsoft.NETCore.App.Ref/8.0.19/ref/net8.0/System.Runtime.Serialization.Json.dll /reference:/usr/lib/dotnet/packs/Microsoft.NETCore.App.Ref/8.0.19/ref/net8.0/System.Runtime.Serialization.Primitives.dll /reference:/usr/lib/dotnet/packs/Microsoft.NETCore.App.Ref/8.0.19/ref/net8.0/System.Runtime.Serialization.Xml.dll /reference:/usr/lib/dotnet/packs/Microsoft.NETCore.App.Ref/8.0.19/ref/net8.0/System.Security.AccessControl.dll /reference:/usr/lib/dotnet/packs/Microsoft.NETCore.App.Ref/8.0.19/ref/net8.0/System.Security.Claims.dll /reference:/usr/lib/dotnet/packs/Microsoft.NETCore.App.Ref/8.0.19/ref/net8.0/System.Security.Cryptography.Algorithms.dll /reference:/usr/lib/dotnet/packs/Microsoft.NETCore.App.Ref/8.0.19/ref/net8.0/System.Security.Cryptography.Cng.dll /reference:/usr/lib/dotnet/packs/Microsoft.NETCore.App.Ref/8.0.19/ref/net8.0/System.Security.Cryptography.Csp.dll /reference:/usr/lib/dotnet/packs/Microsoft.NETCore.App.Ref/8.0.19/ref/net8.0/System.Security.Cryptography.dll /reference:/usr/lib/dotnet/packs/Microsoft.NETCore.App.Ref/8.0.19/ref/net8.0/System.Security.Cryptography.Encoding.dll /reference:/usr/lib/dotnet/packs/Microsoft.NETCore.App.Ref/8.0.19/ref/net8.0/System.Security.Cryptography.OpenSsl.dll /reference:/usr/lib/dotnet/packs/Microsoft.NETCore.App.Ref/8.0.19/ref/net8.0/System.Security.Cryptography.Primitives.dll /reference:/usr/lib/dotnet/packs/Microsoft.NETCore.App.Ref/8.0.19/ref/net8.0/System.Security.Cryptography.X509Certificates.dll /reference:/usr/lib/dotnet/packs/Microsoft.NETCore.App.Ref/8.0.19/ref/net8.0/System.Security.dll /reference:/usr/lib/dotnet/packs/Microsoft.NETCore.App.Ref/8.0.19/ref/net8.0/System.Security.Principal.dll /reference:/usr/lib/dotnet/packs/Microsoft.NETCore.App.Ref/8.0.19/ref/net8.0/System.Security.Principal.Windows.dll /reference:/usr/lib/dotnet/packs/Microsoft.NETCore.App.Ref/8.0.19/ref/net8.0/System.Security.SecureString.dll /reference:/usr/lib/dotnet/packs/Microsoft.NETCore.App.Ref/8.0.19/ref/net8.0/System.ServiceModel.Web.dll /reference:/usr/lib/dotnet/packs/Microsoft.NETCore.App.Ref/8.0.19/ref/net8.0/System.ServiceProcess.dll /reference:/usr/lib/dotnet/packs/Microsoft.NETCore.App.Ref/8.0.19/ref/net8.0/System.Text.Encoding.CodePages.dll /reference:/usr/lib/dotnet/packs/Microsoft.NETCore.App.Ref/8.0.19/ref/net8.0/System.Text.Encoding.dll /reference:/usr/lib/dotnet/packs/Microsoft.NETCore.App.Ref/8.0.19/ref/net8.0/System.Text.Encoding.Extensions.dll /reference:/usr/lib/dotnet/packs/Microsoft.NETCore.App.Ref/8.0.19/ref/net8.0/System.Text.Encodings.Web.dll /reference:/usr/lib/dotnet/packs/Microsoft.NETCore.App.Ref/8.0.19/ref/net8.0/System.Text.Json.dll /reference:/usr/lib/dotnet/packs/Microsoft.NETCore.App.Ref/8.0.19/ref/net8.0/System.Text.RegularExpressions.dll /reference:/usr/lib/dotnet/packs/Microsoft.NETCore.App.Ref/8.0.19/ref/net8.0/System.Threading.Channels.dll /reference:/usr/lib/dotnet/packs/Microsoft.NETCore.App.Ref/8.0.19/ref/net8.0/System.Threading.dll /reference:/usr/lib/dotnet/packs/Microsoft.NETCore.App.Ref/8.0.19/ref/net8.0/System.Threading.Overlapped.dll /reference:/usr/lib/dotnet/packs/Microsoft.NETCore.App.Ref/8.0.19/ref/net8.0/System.Threading.Tasks.Dataflow.dll /reference:/usr/lib/dotnet/packs/Microsoft.NETCore.App.Ref/8.0.19/ref/net8.0/System.Threading.Tasks.dll /reference:/usr/lib/dotnet/packs/Microsoft.NETCore.App.Ref/8.0.19/ref/net8.0/System.Threading.Tasks.Extensions.dll /reference:/usr/lib/dotnet/packs/Microsoft.NETCore.App.Ref/8.0.19/ref/net8.0/System.Threading.Tasks.Parallel.dll /reference:/usr/lib/dotnet/packs/Microsoft.NETCore.App.Ref/8.0.19/ref/net8.0/System.Threading.Thread.dll /reference:/usr/lib/dotnet/packs/Microsoft.NETCore.App.Ref/8.0.19/ref/net8.0/System.Threading.ThreadPool.dll /reference:/usr/lib/dotnet/packs/Microsoft.NETCore.App.Ref/8.0.19/ref/net8.0/System.Threading.Timer.dll /reference:/usr/lib/dotnet/packs/Microsoft.NETCore.App.Ref/8.0.19/ref/net8.0/System.Transactions.dll /reference:/usr/lib/dotnet/packs/Microsoft.NETCore.App.Ref/8.0.19/ref/net8.0/System.Transactions.Local.dll /reference:/usr/lib/dotnet/packs/Microsoft.NETCore.App.Ref/8.0.19/ref/net8.0/System.ValueTuple.dll /reference:/usr/lib/dotnet/packs/Microsoft.NETCore.App.Ref/8.0.19/ref/net8.0/System.Web.dll /reference:/usr/lib/dotnet/packs/Microsoft.NETCore.App.Ref/8.0.19/ref/net8.0/System.Web.HttpUtility.dll /reference:/usr/lib/dotnet/packs/Microsoft.NETCore.App.Ref/8.0.19/ref/net8.0/System.Windows.dll /reference:/usr/lib/dotnet/packs/Microsoft.NETCore.App.Ref/8.0.19/ref/net8.0/System.Xml.dll /reference:/usr/lib/dotnet/packs/Microsoft.NETCore.App.Ref/8.0.19/ref/net8.0/System.Xml.Linq.dll /reference:/usr/lib/dotnet/packs/Microsoft.NETCore.App.Ref/8.0.19/ref/net8.0/System.Xml.ReaderWriter.dll /reference:/usr/lib/dotnet/packs/Microsoft.NETCore.App.Ref/8.0.19/ref/net8.0/System.Xml.Serialization.dll /reference:/usr/lib/dotnet/packs/Microsoft.NETCore.App.Ref/8.0.19/ref/net8.0/System.Xml.XDocument.dll /reference:/usr/lib/dotnet/packs/Microsoft.NETCore.App.Ref/8.0.19/ref/net8.0/System.Xml.XmlDocument.dll /reference:/usr/lib/dotnet/packs/Microsoft.NETCore.App.Ref/8.0.19/ref/net8.0/System.Xml.XmlSerializer.dll /reference:/usr/lib/dotnet/packs/Microsoft.NETCore.App.Ref/8.0.19/ref/net8.0/System.Xml.XPath.dll /reference:/usr/lib/dotnet/packs/Microsoft.NETCore.App.Ref/8.0.19/ref/net8.0/System.Xml.XPath.XDocument.dll /reference:/home/runner/.nuget/packages/microsoft.testplatform.testhost/17.6.0/lib/netcoreapp3.1/testhost.dll /reference:/usr/lib/dotnet/packs/Microsoft.NETCore.App.Ref/8.0.19/ref/net8.0/WindowsBase.dll /reference:/home/runner/.nuget/packages/xunit.abstractions/2.0.3/lib/netstandard2.0/xunit.abstractions.dll /reference:/home/runner/.nuget/packages/xunit.assert/2.4.2/lib/netstandard1.1/xunit.assert.dll /reference:/home/runner/.nuget/packages/xunit.extensibility.core/2.4.2/lib/netstandard1.1/xunit.core.dll /reference:/home/runner/.nuget/packages/xunit.extensibility.execution/2.4.2/lib/netstandard1.1/xunit.execution.dotnet.dll /debug+ /debug:portable /filealign:512 /optimize- /out:obj/Debug/net8.0/NdcApp.Tests.dll /refout:obj/Debug/net8.0/refint/NdcApp.Tests.dll /target:exe /warnaserror- /utf8output /deterministic+ /sourcelink:obj/Debug/net8.0/NdcApp.Tests.sourcelink.json /langversion:12.0 /embed:/home/runner/.nuget/packages/microsoft.net.test.sdk/17.6.0/build/netcoreapp3.1/Microsoft.NET.Test.Sdk.Program.cs /embed:obj/Debug/net8.0/NdcApp.Tests.GlobalUsings.g.cs /embed:"obj/Debug/net8.0/.NETCoreApp,Version=v8.0.AssemblyAttributes.cs" /embed:obj/Debug/net8.0/NdcApp.Tests.AssemblyInfo.cs /analyzerconfig:/home/runner/work/NdcApp/NdcApp/.editorconfig /analyzerconfig:obj/Debug/net8.0/NdcApp.Tests.GeneratedMSBuildEditorConfig.editorconfig /analyzerconfig:/home/runner/.nuget/packages/microsoft.codeanalysis.netanalyzers/8.0.0/buildTransitive/config/analysislevel_8_default.globalconfig /analyzer:/home/runner/.nuget/packages/microsoft.codeanalysis.analyzers/3.3.4/analyzers/dotnet/cs/Microsoft.CodeAnalysis.Analyzers.dll /analyzer:/home/runner/.nuget/packages/microsoft.codeanalysis.analyzers/3.3.4/analyzers/dotnet/cs/Microsoft.CodeAnalysis.CSharp.Analyzers.dll /analyzer:/home/runner/.nuget/packages/microsoft.codeanalysis.netanalyzers/8.0.0/analyzers/dotnet/cs/Microsoft.CodeAnalysis.CSharp.NetAnalyzers.dll /analyzer:/home/runner/.nuget/packages/microsoft.codeanalysis.netanalyzers/8.0.0/analyzers/dotnet/cs/Microsoft.CodeAnalysis.NetAnalyzers.dll /analyzer:/home/runner/.nuget/packages/microsoft.extensions.logging.abstractions/8.0.0/analyzers/dotnet/roslyn4.4/cs/Microsoft.Extensions.Logging.Generators.dll /analyzer:/home/runner/.nuget/packages/microsoft.extensions.options/8.0.0/analyzers/dotnet/roslyn4.4/cs/Microsoft.Extensions.Options.SourceGeneration.dll /analyzer:/home/runner/.nuget/packages/xunit.analyzers/1.0.0/analyzers/dotnet/cs/xunit.analyzers.dll /analyzer:/home/runner/.nuget/packages/xunit.analyzers/1.0.0/analyzers/dotnet/cs/xunit.analyzers.fixes.dll /analyzer:/usr/lib/dotnet/packs/Microsoft.NETCore.App.Ref/8.0.19/analyzers/dotnet/cs/Microsoft.Interop.ComInterfaceGenerator.dll /analyzer:/usr/lib/dotnet/packs/Microsoft.NETCore.App.Ref/8.0.19/analyzers/dotnet/cs/Microsoft.Interop.JavaScript.JSImportGenerator.dll /analyzer:/usr/lib/dotnet/packs/Microsoft.NETCore.App.Ref/8.0.19/analyzers/dotnet/cs/Microsoft.Interop.LibraryImportGenerator.dll /analyzer:/usr/lib/dotnet/packs/Microsoft.NETCore.App.Ref/8.0.19/analyzers/dotnet/cs/Microsoft.Interop.SourceGeneration.dll /analyzer:/usr/lib/dotnet/packs/Microsoft.NETCore.App.Ref/8.0.19/analyzers/dotnet/cs/System.Text.Json.SourceGeneration.dll /analyzer:/usr/lib/dotnet/packs/Microsoft.NETCore.App.Ref/8.0.19/analyzers/dotnet/cs/System.Text.RegularExpressions.Generator.dll ActualDataTests.cs ConferencePlanServiceRatingTests.cs ConferencePlanServiceTests.cs ErrorHandlingServiceTests.cs GlobalUsings.cs IntegrationTests.cs LoggerServiceTests.cs Mocks/MockLoggerService.cs NotificationIntegrationTests.cs RealDataNotificationTests.cs TalkFilterServiceTests.cs TalkNotificationServiceTests.cs TalkRatingServiceTests.cs TalkServiceTests.cs UIConvertersTests.cs UnitTest1.cs /home/runner/.nuget/packages/microsoft.net.test.sdk/17.6.0/build/netcoreapp3.1/Microsoft.NET.Test.Sdk.Program.cs obj/Debug/net8.0/NdcApp.Tests.GlobalUsings.g.cs "obj/Debug/net8.0/.NETCoreApp,Version=v8.0.AssemblyAttributes.cs" obj/Debug/net8.0/NdcApp.Tests.AssemblyInfo.cs /warnaserror+:NU1605,SYSLIB0011
     4>_DiscoverMvcApplicationParts:
       Skipping target "_DiscoverMvcApplicationParts" because all output files are up-to-date with respect to the input files.
       _CoreGenerateRazorAssemblyInfo:
       Skipping target "_CoreGenerateRazorAssemblyInfo" because all output files are up-to-date with respect to the input files.
       _GenerateSourceLinkFile:
         Source Link file 'obj/Debug/net8.0/NdcApp.Preview.sourcelink.json' is up-to-date.
       CoreCompile:
       Skipping target "CoreCompile" because all output files are up-to-date with respect to the input files.
       _CreateAppHost:
       Skipping target "_CreateAppHost" because all output files are up-to-date with respect to the input files.
       _GenerateScopedCssFiles:
       Skipping target "_GenerateScopedCssFiles" because it has no outputs.
       _GenerateScopedCssFiles:
       Skipping target "_GenerateScopedCssFiles" because it has no outputs.
       _BuildCopyStaticWebAssetsPreserveNewest:
       Skipping target "_BuildCopyStaticWebAssetsPreserveNewest" because it has no outputs.
       _CopyOutOfDateSourceItemsToOutputDirectory:
       Skipping target "_CopyOutOfDateSourceItemsToOutputDirectory" because all output files are up-to-date with respect to the input files.
       GenerateBuildDependencyFile:
       Skipping target "GenerateBuildDependencyFile" because all output files are up-to-date with respect to the input files.
       GenerateBuildRuntimeConfigurationFiles:
       Skipping target "GenerateBuildRuntimeConfigurationFiles" because all output files are up-to-date with respect to the input files.
       CopyFilesToOutputDirectory:
         NdcApp.Preview -> /home/runner/work/NdcApp/NdcApp/NdcApp.Preview/bin/Debug/net8.0/NdcApp.Preview.dll
     4>Done Building Project "/home/runner/work/NdcApp/NdcApp/NdcApp.Preview/NdcApp.Preview.csproj" (default targets).
     3>/home/runner/work/NdcApp/NdcApp/NdcApp.Tests/UIConvertersTests.cs(2,19): error CS0234: The type or namespace name 'Converters' does not exist in the namespace 'NdcApp.Core' (are you missing an assembly reference?) [/home/runner/work/NdcApp/NdcApp/NdcApp.Tests/NdcApp.Tests.csproj]
         CompilerServer: server - server processed compilation - 1542338d-1e1c-4e75-b2ee-e311734f347d
     3>Done Building Project "/home/runner/work/NdcApp/NdcApp/NdcApp.Tests/NdcApp.Tests.csproj" (default targets) -- FAILED.
     1>Done Building Project "/home/runner/work/NdcApp/NdcApp/NdcApp.sln" (default targets) -- FAILED.

Build FAILED.

       "/home/runner/work/NdcApp/NdcApp/NdcApp.sln" (default target) (1:2) ->
       "/home/runner/work/NdcApp/NdcApp/NdcApp.Tests/NdcApp.Tests.csproj" (default target) (3:6) ->
       (CoreCompile target) -> 
         /home/runner/work/NdcApp/NdcApp/NdcApp.Tests/UIConvertersTests.cs(2,19): error CS0234: The type or namespace name 'Converters' does not exist in the namespace 'NdcApp.Core' (are you missing an assembly reference?) [/home/runner/work/NdcApp/NdcApp/NdcApp.Tests/NdcApp.Tests.csproj]

    0 Warning(s)
    1 Error(s)

Time Elapsed 00:00:05.80
